// Jest Snapshot v1, https://goo.gl/fbAQLP

exports[`Login View Should render a login view with singin and login buttons 1`] = `
<div>
  <div
    class="sc-hfDuwB wnNtd"
  >
    <div
      class="sc-hbwYeq kaJZKU"
    >
      <div
        class="sc-dBwcjI bhYBxT"
      >
        <div
          class="sc-kPNBzt kfRNst"
          data-cy="Avatar-photo"
          imageurl="https://i.stack.imgur.com/Dj7eP.jpg"
        />
        <div
          class="sc-jCIOXC fNsQyj"
        >
          <div
            class="sc-fBEEOr fKCOYR"
            data-cy="Card-Contents"
          >
            <div
              class="sc-bXxmBy bSIEXq"
              data-cy="User-Card-Header"
            >
              <div
                class="sc-dMnqAs cAOBYD"
              >
                <div
                  class="sc-jlOLRj jEvdST"
                >
                  <span
                    class="sc-laEPQd hnPnfI"
                    data-cy="Card-title"
                  >
                    Getting Things Done
                  </span>
                </div>
              </div>
              <span
                class="sc-eErDDp WdbYy"
                data-cy="Card-SubTitle"
              >
                Hi Agustin Allamano Costa !
              </span>
            </div>
          </div>
        </div>
      </div>
      <div
        class="sc-jCIOXC fNsQyj"
      >
        <div
          class="sc-fBEEOr eFWqUg"
          data-cy="Card-Contents"
        >
          <div
            class="sc-evVYyG dsYGDa"
          >
            <span
              class="sc-BOZFl hhMcHb"
              data-cy="Card-title"
            >
              Active Task
            </span>
            <span
              class="sc-BOZFl hhMcHb"
              data-cy="Card-label"
            >
              0/0
            </span>
          </div>
          <div
            class="sc-cpKBeH brLBgc"
          />
        </div>
      </div>
      <div
        class="sc-jCIOXC fNsQyj"
      >
        <div
          class="sc-fBEEOr eFWqUg"
          data-cy="Card-Contents"
        >
          <div
            class="sc-evVYyG dsYGDa"
          >
            <span
              class="sc-BOZFl hhMcHb"
              data-cy="Card-title"
            >
              Task Inbox
            </span>
            <span
              class="sc-BOZFl hhMcHb"
              data-cy="Card-label"
            >
              total 0
            </span>
          </div>
          <div
            class="sc-jjIKjs sc-daVtvr bMktBm kyGhnj"
          >
            <svg
              aria-hidden="true"
              class="svg-inline--fa fa-plus sc-kbUMEY kFwCnV"
              data-icon="plus"
              data-prefix="fas"
              focusable="false"
              role="img"
              viewBox="0 0 448 512"
              xmlns="http://www.w3.org/2000/svg"
            >
              <path
                d="M256 80c0-17.7-14.3-32-32-32s-32 14.3-32 32V224H48c-17.7 0-32 14.3-32 32s14.3 32 32 32H192V432c0 17.7 14.3 32 32 32s32-14.3 32-32V288H400c17.7 0 32-14.3 32-32s-14.3-32-32-32H256V80z"
                fill="currentColor"
              />
            </svg>
            <input
              class="sc-bubcaR gMPofY"
              placeholder="Add Task"
            />
          </div>
        </div>
      </div>
    </div>
  </div>
</div>
`;
